// Jest Snapshot v1, https://goo.gl/fbAQLP

exports[`StatsScreenContainer should match snapshot 1`] = `
<Container
  fluid={false}
>
  <h2>
    Statistics
  </h2>
  <Connect(StatsContainer) />
  <Connect(StatsWithTagsContainer) />
</Container>
`;
