// Jest Snapshot v1, https://goo.gl/fbAQLP

exports[`StatsTableContainer Should match snapshot 1`] = `
<StatsTableComponent
  displayDirection="ASC"
  pageMonth={11}
  pageYear={2020}
  pomodoros={
    Array [
      Object {
        "count": 8,
        "date": "21-02-2021",
      },
      Object {
        "count": 15,
        "date": "20-02-2021",
      },
      Object {
        "count": 16,
        "date": "19-02-2021",
      },
      Object {
        "count": 19,
        "date": "18-02-2021",
      },
      Object {
        "count": 18,
        "date": "17-02-2021",
      },
      Object {
        "count": 11,
        "date": "16-02-2021",
      },
      Object {
        "count": 16,
        "date": "15-02-2021",
      },
      Object {
        "count": 13,
        "date": "14-02-2021",
      },
      Object {
        "count": 14,
        "date": "13-02-2021",
      },
      Object {
        "count": 9,
        "date": "12-02-2021",
      },
      Object {
        "count": 11,
        "date": "11-02-2021",
      },
      Object {
        "count": 13,
        "date": "10-02-2021",
      },
      Object {
        "count": 13,
        "date": "09-02-2021",
      },
      Object {
        "count": 18,
        "date": "08-02-2021",
      },
      Object {
        "count": 14,
        "date": "07-02-2021",
      },
      Object {
        "count": 16,
        "date": "06-02-2021",
      },
      Object {
        "count": 13,
        "date": "05-02-2021",
      },
      Object {
        "count": 12,
        "date": "04-02-2021",
      },
      Object {
        "count": 16,
        "date": "03-02-2021",
      },
      Object {
        "count": 15,
        "date": "02-02-2021",
      },
      Object {
        "count": 17,
        "date": "01-02-2021",
      },
    ]
  }
  toggleDisplayDirection={[Function]}
/>
`;
