// Jest Snapshot v1, https://goo.gl/fbAQLP

exports[`SettingsComponent Should match snapshot 1`] = `
<div>
  Settings - work in progress
</div>
`;
