// Jest Snapshot v1, https://goo.gl/fbAQLP

exports[`InfoComponent Should match snapshot 1`] = `
<div
  className="info mt-4"
>
  <div
    className="text-danger text-center"
  >
    <span>
      Please login to save pomodoros
    </span>
  </div>
</div>
`;
