// Jest Snapshot v1, https://goo.gl/fbAQLP

exports[`LoginContainer Should match the snapshot 1`] = `
<HeaderComponent
  handleOpenModal={[Function]}
  isLoggedIn={true}
/>
`;
