// Jest Snapshot v1, https://goo.gl/fbAQLP

exports[`StatsTableComponent should match snapshot 1`] = `
<ForwardRef
  bordered={true}
  className="stats__table table"
  hover={true}
  size="sm"
  striped={true}
>
  <caption
    className="table__caption caption"
  >
    <h2
      className="caption__header"
    >
      Results from: 
      2
      .
      2020
    </h2>
    <ButtonGroup
      role="group"
      size="sm"
      toggle={false}
      vertical={false}
    >
      <Button
        active={false}
        disabled={false}
        onClick={[Function]}
        variant="primary"
      >
        Toogle sort direction
      </Button>
      <Button
        active={false}
        disabled={false}
        onClick={[Function]}
        variant="primary"
      >
        Show 
        all
         days
      </Button>
    </ButtonGroup>
  </caption>
  <thead
    className="table__head"
  >
    <tr>
      <th>
        Day
      </th>
      <th>
        Number of pomodoros
      </th>
    </tr>
  </thead>
  <tbody>
    <tr
      key="0"
    >
      <td
        className="table__date"
      >
        2
      </td>
      <td
        className="table__count"
      >
        17
      </td>
    </tr>
    <tr
      key="1"
    >
      <td
        className="table__date"
      >
        2
      </td>
      <td
        className="table__count"
      >
        15
      </td>
    </tr>
    <tr
      key="2"
    >
      <td
        className="table__date"
      >
        2
      </td>
      <td
        className="table__count"
      >
        16
      </td>
    </tr>
    <tr
      key="3"
    >
      <td
        className="table__date"
      >
        2
      </td>
      <td
        className="table__count"
      >
        12
      </td>
    </tr>
    <tr
      key="4"
    >
      <td
        className="table__date"
      >
        2
      </td>
      <td
        className="table__count"
      >
        13
      </td>
    </tr>
    <tr
      key="5"
    >
      <td
        className="table__date"
      >
        2
      </td>
      <td
        className="table__count"
      >
        16
      </td>
    </tr>
    <tr
      key="6"
    >
      <td
        className="table__date"
      >
        2
      </td>
      <td
        className="table__count"
      >
        14
      </td>
    </tr>
    <tr
      key="7"
    >
      <td
        className="table__date"
      >
        2
      </td>
      <td
        className="table__count"
      >
        18
      </td>
    </tr>
    <tr
      key="8"
    >
      <td
        className="table__date"
      >
        2
      </td>
      <td
        className="table__count"
      >
        13
      </td>
    </tr>
    <tr
      key="9"
    >
      <td
        className="table__date"
      >
        2
      </td>
      <td
        className="table__count"
      >
        13
      </td>
    </tr>
    <tr
      key="10"
    >
      <td
        className="table__date"
      >
        2
      </td>
      <td
        className="table__count"
      >
        11
      </td>
    </tr>
    <tr
      key="11"
    >
      <td
        className="table__date"
      >
        2
      </td>
      <td
        className="table__count"
      >
        9
      </td>
    </tr>
    <tr
      key="12"
    >
      <td
        className="table__date"
      >
        NaN
      </td>
      <td
        className="table__count"
      >
        14
      </td>
    </tr>
    <tr
      key="13"
    >
      <td
        className="table__date"
      >
        NaN
      </td>
      <td
        className="table__count"
      >
        13
      </td>
    </tr>
    <tr
      key="14"
    >
      <td
        className="table__date"
      >
        NaN
      </td>
      <td
        className="table__count"
      >
        16
      </td>
    </tr>
    <tr
      key="15"
    >
      <td
        className="table__date"
      >
        NaN
      </td>
      <td
        className="table__count"
      >
        11
      </td>
    </tr>
    <tr
      key="16"
    >
      <td
        className="table__date"
      >
        NaN
      </td>
      <td
        className="table__count"
      >
        18
      </td>
    </tr>
    <tr
      key="17"
    >
      <td
        className="table__date"
      >
        NaN
      </td>
      <td
        className="table__count"
      >
        19
      </td>
    </tr>
    <tr
      key="18"
    >
      <td
        className="table__date"
      >
        NaN
      </td>
      <td
        className="table__count"
      >
        16
      </td>
    </tr>
    <tr
      key="19"
    >
      <td
        className="table__date"
      >
        NaN
      </td>
      <td
        className="table__count"
      >
        15
      </td>
    </tr>
    <tr
      key="20"
    >
      <td
        className="table__date"
      >
        NaN
      </td>
      <td
        className="table__count"
      >
        8
      </td>
    </tr>
  </tbody>
</ForwardRef>
`;
