// Jest Snapshot v1, https://goo.gl/fbAQLP

exports[`StatsContainer should match snapshot 1`] = `
<div
  className="table"
>
  <table
    className="stats__table table table table-sm table-striped table-bordered table-hover"
  >
    <thead
      className="table__head"
    >
      <tr>
        <th>
          Day
        </th>
        <th>
          Tags
        </th>
      </tr>
    </thead>
    <tbody>
      <tr>
        <td>
          2021-03-01T05:47:01.476Z
        </td>
        <td />
      </tr>
      <tr>
        <td>
          2021-03-01T06:13:36.785Z
        </td>
        <td />
      </tr>
      <tr>
        <td>
          2021-03-01T17:28:16.182Z
        </td>
        <td />
      </tr>
      <tr>
        <td>
          2021-03-02T19:59:00.403Z
        </td>
        <td />
      </tr>
    </tbody>
  </table>
</div>
`;
