// Jest Snapshot v1, https://goo.gl/fbAQLP

exports[`CookiesInfoContainer should match snapshot 1`] = `null`;
